
         /\      Grafana   /‾‾/  
    /\  /  \     |\  __   /  /   
   /  \/    \    | |/ /  /   ‾‾\ 
  /          \   |   (  |  (‾)  |
 / __________ \  |_|\_\  \_____/ 

     execution: local
        script: k6/load-test.js
        output: -

     scenarios: (100.00%) 5 scenarios, 1160 max VUs, 5m30s max duration (incl. graceful stop):
              * account_flow: Up to 120 looping VUs for 5m0s over 3 stages (gracefulRampDown: 30s, gracefulStop: 30s)
              * auth_flow: Up to 40 looping VUs for 5m0s over 3 stages (gracefulRampDown: 30s, gracefulStop: 30s)
              * browse: Up to 600 looping VUs for 5m0s over 3 stages (gracefulRampDown: 30s, gracefulStop: 30s)
              * catalog_flow: Up to 240 looping VUs for 5m0s over 3 stages (gracefulRampDown: 30s, gracefulStop: 30s)
              * order_flow: Up to 160 looping VUs for 5m0s over 3 stages (gracefulRampDown: 30s, gracefulStop: 30s)


running (0m00.8s), 0003/1160 VUs, 0 complete and 0 interrupted iterations
account_flow   [   0% ] 000/120 VUs  0m00.6s/5m00.0s
auth_flow      [   0% ] 00/40 VUs    0m00.6s/5m00.0s
browse         [   0% ] 002/600 VUs  0m00.6s/5m00.0s
catalog_flow   [   0% ] 001/240 VUs  0m00.6s/5m00.0s
order_flow     [   0% ] 000/160 VUs  0m00.6s/5m00.0s

running (0m01.8s), 0013/1160 VUs, 6 complete and 0 interrupted iterations
account_flow   [   1% ] 001/120 VUs  0m01.6s/5m00.0s
auth_flow      [   1% ] 00/40 VUs    0m01.6s/5m00.0s
browse         [   1% ] 007/600 VUs  0m01.6s/5m00.0s
catalog_flow   [   1% ] 003/240 VUs  0m01.6s/5m00.0s
order_flow     [   1% ] 002/160 VUs  0m01.6s/5m00.0s

running (0m02.8s), 0022/1160 VUs, 28 complete and 0 interrupted iterations
account_flow   [   1% ] 002/120 VUs  0m02.6s/5m00.0s
auth_flow      [   1% ] 00/40 VUs    0m02.6s/5m00.0s
browse         [   1% ] 012/600 VUs  0m02.6s/5m00.0s
catalog_flow   [   1% ] 005/240 VUs  0m02.6s/5m00.0s
order_flow     [   1% ] 003/160 VUs  0m02.6s/5m00.0s

running (0m03.8s), 0032/1160 VUs, 56 complete and 0 interrupted iterations
account_flow   [   1% ] 003/120 VUs  0m03.6s/5m00.0s
auth_flow      [   1% ] 01/40 VUs    0m03.6s/5m00.0s
browse         [   1% ] 017/600 VUs  0m03.6s/5m00.0s
catalog_flow   [   1% ] 007/240 VUs  0m03.6s/5m00.0s
order_flow     [   1% ] 004/160 VUs  0m03.6s/5m00.0s

running (0m04.8s), 0042/1160 VUs, 101 complete and 0 interrupted iterations
account_flow   [   2% ] 004/120 VUs  0m04.6s/5m00.0s
auth_flow      [   2% ] 01/40 VUs    0m04.6s/5m00.0s
browse         [   2% ] 022/600 VUs  0m04.6s/5m00.0s
catalog_flow   [   2% ] 009/240 VUs  0m04.6s/5m00.0s
order_flow     [   2% ] 006/160 VUs  0m04.6s/5m00.0s

running (0m05.8s), 0051/1160 VUs, 158 complete and 0 interrupted iterations
account_flow   [   2% ] 005/120 VUs  0m05.6s/5m00.0s
auth_flow      [   2% ] 01/40 VUs    0m05.6s/5m00.0s
browse         [   2% ] 027/600 VUs  0m05.6s/5m00.0s
catalog_flow   [   2% ] 011/240 VUs  0m05.6s/5m00.0s
order_flow     [   2% ] 007/160 VUs  0m05.6s/5m00.0s

running (0m06.8s), 0061/1160 VUs, 231 complete and 0 interrupted iterations
account_flow   [   2% ] 006/120 VUs  0m06.6s/5m00.0s
auth_flow      [   2% ] 02/40 VUs    0m06.6s/5m00.0s
browse         [   2% ] 032/600 VUs  0m06.6s/5m00.0s
catalog_flow   [   2% ] 013/240 VUs  0m06.6s/5m00.0s
order_flow     [   2% ] 008/160 VUs  0m06.6s/5m00.0s

running (0m07.8s), 0071/1160 VUs, 309 complete and 0 interrupted iterations
account_flow   [   3% ] 007/120 VUs  0m07.6s/5m00.0s
auth_flow      [   3% ] 02/40 VUs    0m07.6s/5m00.0s
browse         [   3% ] 037/600 VUs  0m07.6s/5m00.0s
catalog_flow   [   3% ] 015/240 VUs  0m07.6s/5m00.0s
order_flow     [   3% ] 010/160 VUs  0m07.6s/5m00.0s

running (0m08.8s), 0080/1160 VUs, 392 complete and 0 interrupted iterations
account_flow   [   3% ] 008/120 VUs  0m08.6s/5m00.0s
auth_flow      [   3% ] 02/40 VUs    0m08.6s/5m00.0s
browse         [   3% ] 042/600 VUs  0m08.6s/5m00.0s
catalog_flow   [   3% ] 017/240 VUs  0m08.6s/5m00.0s
order_flow     [   3% ] 011/160 VUs  0m08.6s/5m00.0s

running (0m09.8s), 0090/1160 VUs, 498 complete and 0 interrupted iterations
account_flow   [   3% ] 009/120 VUs  0m09.6s/5m00.0s
auth_flow      [   3% ] 03/40 VUs    0m09.6s/5m00.0s
browse         [   3% ] 047/600 VUs  0m09.6s/5m00.0s
catalog_flow   [   3% ] 019/240 VUs  0m09.6s/5m00.0s
order_flow     [   3% ] 012/160 VUs  0m09.6s/5m00.0s

running (0m10.8s), 0100/1160 VUs, 609 complete and 0 interrupted iterations
account_flow   [   4% ] 010/120 VUs  0m10.6s/5m00.0s
auth_flow      [   4% ] 03/40 VUs    0m10.6s/5m00.0s
browse         [   4% ] 052/600 VUs  0m10.6s/5m00.0s
catalog_flow   [   4% ] 021/240 VUs  0m10.6s/5m00.0s
order_flow     [   4% ] 014/160 VUs  0m10.6s/5m00.0s

running (0m11.8s), 0109/1160 VUs, 735 complete and 0 interrupted iterations
account_flow   [   4% ] 011/120 VUs  0m11.6s/5m00.0s
auth_flow      [   4% ] 03/40 VUs    0m11.6s/5m00.0s
browse         [   4% ] 057/600 VUs  0m11.6s/5m00.0s
catalog_flow   [   4% ] 023/240 VUs  0m11.6s/5m00.0s
order_flow     [   4% ] 015/160 VUs  0m11.6s/5m00.0s

running (0m12.8s), 0119/1160 VUs, 873 complete and 0 interrupted iterations
account_flow   [   4% ] 012/120 VUs  0m12.6s/5m00.0s
auth_flow      [   4% ] 04/40 VUs    0m12.6s/5m00.0s
browse         [   4% ] 062/600 VUs  0m12.6s/5m00.0s
catalog_flow   [   4% ] 025/240 VUs  0m12.6s/5m00.0s
order_flow     [   4% ] 016/160 VUs  0m12.6s/5m00.0s

running (0m13.8s), 0129/1160 VUs, 1026 complete and 0 interrupted iterations
account_flow   [   5% ] 013/120 VUs  0m13.6s/5m00.0s
auth_flow      [   5% ] 04/40 VUs    0m13.6s/5m00.0s
browse         [   5% ] 067/600 VUs  0m13.6s/5m00.0s
catalog_flow   [   5% ] 027/240 VUs  0m13.6s/5m00.0s
order_flow     [   5% ] 018/160 VUs  0m13.6s/5m00.0s

running (0m14.8s), 0138/1160 VUs, 1197 complete and 0 interrupted iterations
account_flow   [   5% ] 014/120 VUs  0m14.6s/5m00.0s
auth_flow      [   5% ] 04/40 VUs    0m14.6s/5m00.0s
browse         [   5% ] 072/600 VUs  0m14.6s/5m00.0s
catalog_flow   [   5% ] 029/240 VUs  0m14.6s/5m00.0s
order_flow     [   5% ] 019/160 VUs  0m14.6s/5m00.0s

running (0m15.8s), 0148/1160 VUs, 1378 complete and 0 interrupted iterations
account_flow   [   5% ] 015/120 VUs  0m15.6s/5m00.0s
auth_flow      [   5% ] 05/40 VUs    0m15.6s/5m00.0s
browse         [   5% ] 077/600 VUs  0m15.6s/5m00.0s
catalog_flow   [   5% ] 031/240 VUs  0m15.6s/5m00.0s
order_flow     [   5% ] 020/160 VUs  0m15.6s/5m00.0s

running (0m16.8s), 0158/1160 VUs, 1561 complete and 0 interrupted iterations
account_flow   [   6% ] 016/120 VUs  0m16.6s/5m00.0s
auth_flow      [   6% ] 05/40 VUs    0m16.6s/5m00.0s
browse         [   6% ] 082/600 VUs  0m16.6s/5m00.0s
catalog_flow   [   6% ] 033/240 VUs  0m16.6s/5m00.0s
order_flow     [   6% ] 022/160 VUs  0m16.6s/5m00.0s

running (0m17.8s), 0167/1160 VUs, 1761 complete and 0 interrupted iterations
account_flow   [   6% ] 017/120 VUs  0m17.6s/5m00.0s
auth_flow      [   6% ] 05/40 VUs    0m17.6s/5m00.0s
browse         [   6% ] 087/600 VUs  0m17.6s/5m00.0s
catalog_flow   [   6% ] 035/240 VUs  0m17.6s/5m00.0s
order_flow     [   6% ] 023/160 VUs  0m17.6s/5m00.0s

running (0m18.8s), 0177/1160 VUs, 1972 complete and 0 interrupted iterations
account_flow   [   6% ] 018/120 VUs  0m18.6s/5m00.0s
auth_flow      [   6% ] 06/40 VUs    0m18.6s/5m00.0s
browse         [   6% ] 092/600 VUs  0m18.6s/5m00.0s
catalog_flow   [   6% ] 037/240 VUs  0m18.6s/5m00.0s
order_flow     [   6% ] 024/160 VUs  0m18.6s/5m00.0s

running (0m19.8s), 0187/1160 VUs, 2202 complete and 0 interrupted iterations
account_flow   [   7% ] 019/120 VUs  0m19.6s/5m00.0s
auth_flow      [   7% ] 06/40 VUs    0m19.6s/5m00.0s
browse         [   7% ] 097/600 VUs  0m19.6s/5m00.0s
catalog_flow   [   7% ] 039/240 VUs  0m19.6s/5m00.0s
order_flow     [   7% ] 026/160 VUs  0m19.6s/5m00.0s

running (0m20.8s), 0196/1160 VUs, 2435 complete and 0 interrupted iterations
account_flow   [   7% ] 020/120 VUs  0m20.6s/5m00.0s
auth_flow      [   7% ] 06/40 VUs    0m20.6s/5m00.0s
browse         [   7% ] 102/600 VUs  0m20.6s/5m00.0s
catalog_flow   [   7% ] 041/240 VUs  0m20.6s/5m00.0s
order_flow     [   7% ] 027/160 VUs  0m20.6s/5m00.0s

running (0m21.8s), 0206/1160 VUs, 2682 complete and 0 interrupted iterations
account_flow   [   7% ] 021/120 VUs  0m21.6s/5m00.0s
auth_flow      [   7% ] 07/40 VUs    0m21.6s/5m00.0s
browse         [   7% ] 107/600 VUs  0m21.6s/5m00.0s
catalog_flow   [   7% ] 043/240 VUs  0m21.6s/5m00.0s
order_flow     [   7% ] 028/160 VUs  0m21.6s/5m00.0s

running (0m22.8s), 0216/1160 VUs, 2938 complete and 0 interrupted iterations
account_flow   [   8% ] 022/120 VUs  0m22.6s/5m00.0s
auth_flow      [   8% ] 07/40 VUs    0m22.6s/5m00.0s
browse         [   8% ] 112/600 VUs  0m22.6s/5m00.0s
catalog_flow   [   8% ] 045/240 VUs  0m22.6s/5m00.0s
order_flow     [   8% ] 030/160 VUs  0m22.6s/5m00.0s

running (0m23.8s), 0225/1160 VUs, 3214 complete and 0 interrupted iterations
account_flow   [   8% ] 023/120 VUs  0m23.6s/5m00.0s
auth_flow      [   8% ] 07/40 VUs    0m23.6s/5m00.0s
browse         [   8% ] 117/600 VUs  0m23.6s/5m00.0s
catalog_flow   [   8% ] 047/240 VUs  0m23.6s/5m00.0s
order_flow     [   8% ] 031/160 VUs  0m23.6s/5m00.0s

running (0m24.8s), 0235/1160 VUs, 3496 complete and 0 interrupted iterations
account_flow   [   8% ] 024/120 VUs  0m24.6s/5m00.0s
auth_flow      [   8% ] 08/40 VUs    0m24.6s/5m00.0s
browse         [   8% ] 122/600 VUs  0m24.6s/5m00.0s
catalog_flow   [   8% ] 049/240 VUs  0m24.6s/5m00.0s
order_flow     [   8% ] 032/160 VUs  0m24.6s/5m00.0s

running (0m25.8s), 0245/1160 VUs, 3801 complete and 0 interrupted iterations
account_flow   [   9% ] 025/120 VUs  0m25.6s/5m00.0s
auth_flow      [   9% ] 08/40 VUs    0m25.6s/5m00.0s
browse         [   9% ] 127/600 VUs  0m25.6s/5m00.0s
catalog_flow   [   9% ] 051/240 VUs  0m25.6s/5m00.0s
order_flow     [   9% ] 034/160 VUs  0m25.6s/5m00.0s

running (0m26.8s), 0254/1160 VUs, 4126 complete and 0 interrupted iterations
account_flow   [   9% ] 026/120 VUs  0m26.6s/5m00.0s
auth_flow      [   9% ] 08/40 VUs    0m26.6s/5m00.0s
browse         [   9% ] 132/600 VUs  0m26.6s/5m00.0s
catalog_flow   [   9% ] 053/240 VUs  0m26.6s/5m00.0s
order_flow     [   9% ] 035/160 VUs  0m26.6s/5m00.0s

running (0m27.8s), 0264/1160 VUs, 4440 complete and 0 interrupted iterations
account_flow   [   9% ] 027/120 VUs  0m27.6s/5m00.0s
auth_flow      [   9% ] 09/40 VUs    0m27.6s/5m00.0s
browse         [   9% ] 137/600 VUs  0m27.6s/5m00.0s
catalog_flow   [   9% ] 055/240 VUs  0m27.6s/5m00.0s
order_flow     [   9% ] 036/160 VUs  0m27.6s/5m00.0s

running (0m28.8s), 0274/1160 VUs, 4765 complete and 0 interrupted iterations
account_flow   [  10% ] 028/120 VUs  0m28.6s/5m00.0s
auth_flow      [  10% ] 09/40 VUs    0m28.6s/5m00.0s
browse         [  10% ] 142/600 VUs  0m28.6s/5m00.0s
catalog_flow   [  10% ] 057/240 VUs  0m28.6s/5m00.0s
order_flow     [  10% ] 038/160 VUs  0m28.6s/5m00.0s

running (0m29.8s), 0283/1160 VUs, 5117 complete and 0 interrupted iterations
account_flow   [  10% ] 029/120 VUs  0m29.6s/5m00.0s
auth_flow      [  10% ] 09/40 VUs    0m29.6s/5m00.0s
browse         [  10% ] 147/600 VUs  0m29.6s/5m00.0s
catalog_flow   [  10% ] 059/240 VUs  0m29.6s/5m00.0s
order_flow     [  10% ] 039/160 VUs  0m29.6s/5m00.0s

running (0m30.8s), 0293/1160 VUs, 5470 complete and 0 interrupted iterations
account_flow   [  10% ] 030/120 VUs  0m30.6s/5m00.0s
auth_flow      [  10% ] 10/40 VUs    0m30.6s/5m00.0s
browse         [  10% ] 152/600 VUs  0m30.6s/5m00.0s
catalog_flow   [  10% ] 061/240 VUs  0m30.6s/5m00.0s
order_flow     [  10% ] 040/160 VUs  0m30.6s/5m00.0s

running (0m31.8s), 0303/1160 VUs, 5853 complete and 0 interrupted iterations
account_flow   [  11% ] 031/120 VUs  0m31.6s/5m00.0s
auth_flow      [  11% ] 10/40 VUs    0m31.6s/5m00.0s
browse         [  11% ] 157/600 VUs  0m31.6s/5m00.0s
catalog_flow   [  11% ] 063/240 VUs  0m31.6s/5m00.0s
order_flow     [  11% ] 042/160 VUs  0m31.6s/5m00.0s

running (0m32.8s), 0312/1160 VUs, 6238 complete and 0 interrupted iterations
account_flow   [  11% ] 032/120 VUs  0m32.6s/5m00.0s
auth_flow      [  11% ] 10/40 VUs    0m32.6s/5m00.0s
browse         [  11% ] 162/600 VUs  0m32.6s/5m00.0s
catalog_flow   [  11% ] 065/240 VUs  0m32.6s/5m00.0s
order_flow     [  11% ] 043/160 VUs  0m32.6s/5m00.0s

running (0m33.8s), 0322/1160 VUs, 6639 complete and 0 interrupted iterations
account_flow   [  11% ] 033/120 VUs  0m33.6s/5m00.0s
auth_flow      [  11% ] 11/40 VUs    0m33.6s/5m00.0s
browse         [  11% ] 167/600 VUs  0m33.6s/5m00.0s
catalog_flow   [  11% ] 067/240 VUs  0m33.6s/5m00.0s
order_flow     [  11% ] 044/160 VUs  0m33.6s/5m00.0s

running (0m34.8s), 0332/1160 VUs, 7055 complete and 0 interrupted iterations
account_flow   [  12% ] 034/120 VUs  0m34.6s/5m00.0s
auth_flow      [  12% ] 11/40 VUs    0m34.6s/5m00.0s
browse         [  12% ] 172/600 VUs  0m34.6s/5m00.0s
catalog_flow   [  12% ] 069/240 VUs  0m34.6s/5m00.0s
order_flow     [  12% ] 046/160 VUs  0m34.6s/5m00.0s

running (0m35.8s), 0341/1160 VUs, 7476 complete and 0 interrupted iterations
account_flow   [  12% ] 035/120 VUs  0m35.6s/5m00.0s
auth_flow      [  12% ] 11/40 VUs    0m35.6s/5m00.0s
browse         [  12% ] 177/600 VUs  0m35.6s/5m00.0s
catalog_flow   [  12% ] 071/240 VUs  0m35.6s/5m00.0s
order_flow     [  12% ] 047/160 VUs  0m35.6s/5m00.0s

running (0m36.8s), 0351/1160 VUs, 7896 complete and 0 interrupted iterations
account_flow   [  12% ] 036/120 VUs  0m36.6s/5m00.0s
auth_flow      [  12% ] 12/40 VUs    0m36.6s/5m00.0s
browse         [  12% ] 182/600 VUs  0m36.6s/5m00.0s
catalog_flow   [  12% ] 073/240 VUs  0m36.6s/5m00.0s
order_flow     [  12% ] 048/160 VUs  0m36.6s/5m00.0s

running (0m37.8s), 0361/1160 VUs, 8324 complete and 0 interrupted iterations
account_flow   [  13% ] 037/120 VUs  0m37.6s/5m00.0s
auth_flow      [  13% ] 12/40 VUs    0m37.6s/5m00.0s
browse         [  13% ] 187/600 VUs  0m37.6s/5m00.0s
catalog_flow   [  13% ] 075/240 VUs  0m37.6s/5m00.0s
order_flow     [  13% ] 050/160 VUs  0m37.6s/5m00.0s

running (0m38.8s), 0370/1160 VUs, 8777 complete and 0 interrupted iterations
account_flow   [  13% ] 038/120 VUs  0m38.6s/5m00.0s
auth_flow      [  13% ] 12/40 VUs    0m38.6s/5m00.0s
browse         [  13% ] 192/600 VUs  0m38.6s/5m00.0s
catalog_flow   [  13% ] 077/240 VUs  0m38.6s/5m00.0s
order_flow     [  13% ] 051/160 VUs  0m38.6s/5m00.0s

running (0m39.8s), 0380/1160 VUs, 9254 complete and 0 interrupted iterations
account_flow   [  13% ] 039/120 VUs  0m39.6s/5m00.0s
auth_flow      [  13% ] 13/40 VUs    0m39.6s/5m00.0s
browse         [  13% ] 197/600 VUs  0m39.6s/5m00.0s
catalog_flow   [  13% ] 079/240 VUs  0m39.6s/5m00.0s
order_flow     [  13% ] 052/160 VUs  0m39.6s/5m00.0s

running (0m40.8s), 0390/1160 VUs, 9711 complete and 0 interrupted iterations
account_flow   [  14% ] 040/120 VUs  0m40.6s/5m00.0s
auth_flow      [  14% ] 13/40 VUs    0m40.6s/5m00.0s
browse         [  14% ] 202/600 VUs  0m40.6s/5m00.0s
catalog_flow   [  14% ] 081/240 VUs  0m40.6s/5m00.0s
order_flow     [  14% ] 054/160 VUs  0m40.6s/5m00.0s

running (0m41.8s), 0399/1160 VUs, 10208 complete and 0 interrupted iterations
account_flow   [  14% ] 041/120 VUs  0m41.6s/5m00.0s
auth_flow      [  14% ] 13/40 VUs    0m41.6s/5m00.0s
browse         [  14% ] 207/600 VUs  0m41.6s/5m00.0s
catalog_flow   [  14% ] 083/240 VUs  0m41.6s/5m00.0s
order_flow     [  14% ] 055/160 VUs  0m41.6s/5m00.0s

running (0m42.8s), 0409/1160 VUs, 10677 complete and 0 interrupted iterations
account_flow   [  14% ] 042/120 VUs  0m42.6s/5m00.0s
auth_flow      [  14% ] 14/40 VUs    0m42.6s/5m00.0s
browse         [  14% ] 212/600 VUs  0m42.6s/5m00.0s
catalog_flow   [  14% ] 085/240 VUs  0m42.6s/5m00.0s
order_flow     [  14% ] 056/160 VUs  0m42.6s/5m00.0s

running (0m43.8s), 0419/1160 VUs, 11212 complete and 0 interrupted iterations
account_flow   [  15% ] 043/120 VUs  0m43.6s/5m00.0s
auth_flow      [  15% ] 14/40 VUs    0m43.6s/5m00.0s
browse         [  15% ] 217/600 VUs  0m43.6s/5m00.0s
catalog_flow   [  15% ] 087/240 VUs  0m43.6s/5m00.0s
order_flow     [  15% ] 058/160 VUs  0m43.6s/5m00.0s
